17:49:26 **** Build of configuration Debug for project Uart_Led8_bsp_xuartps_polled_example_1 ****
make pre-build main-build 
a9-linaro-pre-build-step
' '
'Building file: ../src/xuartps_polled_example.c'
'Invoking: ARM v7 gcc compiler'
arm-none-eabi-gcc -Wall -O0 -g3 -c -fmessage-length=0 -MT"src/xuartps_polled_example.o" -mcpu=cortex-a9 -mfpu=vfpv3 -mfloat-abi=hard -I../../Uart_Led8_bsp/ps7_cortexa9_0/include -MMD -MP -MF"src/xuartps_polled_example.d" -MT"src/xuartps_polled_example.o" -o "src/xuartps_polled_example.o" "../src/xuartps_polled_example.c"
'Finished building: ../src/xuartps_polled_example.c'
' '
'Building target: Uart_Led8_bsp_xuartps_polled_example_1.elf'
'Invoking: ARM v7 gcc linker'
arm-none-eabi-gcc -mcpu=cortex-a9 -mfpu=vfpv3 -mfloat-abi=hard -Wl,-build-id=none -specs=Xilinx.spec -Wl,-T -Wl,../src/lscript.ld -L../../Uart_Led8_bsp/ps7_cortexa9_0/lib -o "Uart_Led8_bsp_xuartps_polled_example_1.elf"  ./src/xuartps_polled_example.o   -Wl,--start-group,-lxil,-lgcc,-lc,--end-group
'Finished building target: Uart_Led8_bsp_xuartps_polled_example_1.elf'
' '
'Invoking: ARM v7 Print Size'
arm-none-eabi-size Uart_Led8_bsp_xuartps_polled_example_1.elf  |tee "Uart_Led8_bsp_xuartps_polled_example_1.elf.size"
   text	   data	    bss	    dec	    hex	filename
  27112	   1216	  22744	  51072	   c780	Uart_Led8_bsp_xuartps_polled_example_1.elf
'Finished building: Uart_Led8_bsp_xuartps_polled_example_1.elf.size'
' '

17:49:27 Build Finished (took 856ms)

